[seed] researching vegetables_leafy->cvd ...
[seed] vegetables_leafy->cvd: tier=B dir=protective evidence=8 cost=$0.0239
[seed] researching legumes->cvd ...
[seed] legumes->cvd: tier=A dir=protective evidence=8 cost=$0.0225
[seed] researching whole_grains->cvd ...
[seed] whole_grains->cvd: tier=A dir=protective evidence=8 cost=$0.0224
[seed] researching nuts->cvd ...
[seed] nuts->cvd: tier=A dir=protective evidence=8 cost=$0.0228
[seed] researching olive_oil->cvd ...
[seed] olive_oil->cvd: tier=A dir=protective evidence=8 cost=$0.0239
[seed] researching fish_fatty->cvd ...
[seed] fish_fatty->cvd: tier=B dir=protective evidence=9 cost=$0.0246
[seed] researching red_meat->cvd ...
[seed] red_meat->cvd: tier=B dir=harmful evidence=9 cost=$0.0248
[seed] researching processed_meat->cvd ...
[seed] processed_meat->cvd: tier=A dir=harmful evidence=8 cost=$0.0213
[seed] researching ultra_processed->cvd ...
[seed] ultra_processed->cvd: tier=A dir=harmful evidence=8 cost=$0.0243
[seed] researching sugar_sweetened_drinks->cvd ...
[seed] sugar_sweetened_drinks->cvd: tier=A dir=harmful evidence=9 cost=$0.0240
[seed] researching alcohol->cvd ...
[seed] alcohol->cvd: tier=X dir=u_shaped evidence=9 cost=$0.0252
[seed] researching omega3->cvd ...
[seed] omega3->cvd: tier=X dir=mixed evidence=9 cost=$0.0267
[seed] researching fiber_soluble->cvd ...
[seed] fiber_soluble->cvd: tier=A dir=protective evidence=8 cost=$0.0234
[seed] researching aerobic_exercise->cvd ...
[seed] aerobic_exercise->cvd: tier=A dir=protective evidence=8 cost=$0.0236
[seed] researching sitting_prolonged->cvd ...
[seed] sitting_prolonged->cvd: tier=A dir=harmful evidence=9 cost=$0.0240
[seed] researching smoking->cvd ...
[seed] smoking->cvd: tier=A dir=harmful evidence=8 cost=$0.0214
[seed] researching pm25->cvd ...
[seed] pm25->cvd: tier=A dir=harmful evidence=9 cost=$0.0253
[seed] researching ultra_processed->t2d ...
[seed] ultra_processed->t2d: tier=A dir=harmful evidence=8 cost=$0.0239
[seed] researching sugar_sweetened_drinks->t2d ...
[seed] sugar_sweetened_drinks->t2d: tier=A dir=harmful evidence=8 cost=$0.0234
[seed] researching whole_grains->t2d ...
[seed] whole_grains->t2d: tier=A dir=protective evidence=8 cost=$0.0232
[seed] researching legumes->t2d ...
[seed] legumes->t2d: tier=B dir=protective evidence=8 cost=$0.0229
[seed] researching aerobic_exercise->t2d ...
[seed] aerobic_exercise->t2d: tier=A dir=protective evidence=8 cost=$0.0227
[seed] researching resistance_training->t2d ...
[seed] resistance_training->t2d: tier=A dir=protective evidence=8 cost=$0.0226
[seed] researching sleep_short->t2d ...
[seed] sleep_short->t2d: tier=A dir=harmful evidence=8 cost=$0.0230
[seed] researching processed_meat->colorectal_cancer ...
[seed] processed_meat->colorectal_cancer: tier=A dir=harmful evidence=8 cost=$0.0238
[seed] researching red_meat->colorectal_cancer ...
[seed] red_meat->colorectal_cancer: tier=A dir=harmful evidence=8 cost=$0.0245
[seed] researching alcohol->colorectal_cancer ...
[seed] alcohol->colorectal_cancer: tier=A dir=harmful evidence=8 cost=$0.0222
[seed] researching alcohol->breast_cancer ...
[seed] alcohol->breast_cancer: tier=A dir=harmful evidence=8 cost=$0.0222
[seed] researching fiber_soluble->colorectal_cancer ...
[seed] fiber_soluble->colorectal_cancer: tier=B dir=protective evidence=9 cost=$0.0253
[seed] researching smoking->lung_cancer ...
[seed] smoking->lung_cancer: tier=A dir=harmful evidence=8 cost=$0.0233
[seed] researching fish_fatty->alzheimers ...
[seed] fish_fatty->alzheimers: tier=B dir=protective evidence=9 cost=$0.0250
[seed] researching omega3->cognitive_decline ...
[seed] omega3->cognitive_decline: tier=X dir=mixed evidence=9 cost=$0.0261
[seed] researching aerobic_exercise->alzheimers ...
[seed] aerobic_exercise->alzheimers: tier=B dir=protective evidence=8 cost=$0.0232
[seed] researching aerobic_exercise->depression ...
[seed] aerobic_exercise->depression: tier=A dir=protective evidence=8 cost=$0.0220
[seed] researching social_isolation->dementia ...
[seed] social_isolation->dementia: tier=A dir=harmful evidence=8 cost=$0.0233
[seed] researching sleep_short->alzheimers ...
[seed] sleep_short->alzheimers: tier=B dir=harmful evidence=8 cost=$0.0243
[seed] researching alcohol->dementia ...
[seed] alcohol->dementia: tier=B dir=u_shaped evidence=8 cost=$0.0240
[seed] researching smoking->dementia ...
[seed] smoking->dementia: tier=A dir=harmful evidence=8 cost=$0.0222
[seed] researching daylight_morning->sleep_quality ...
[seed] daylight_morning->sleep_quality: tier=B dir=protective evidence=9 cost=$0.0236
[seed] researching nighttime_light->sleep_quality ...
[seed] nighttime_light->sleep_quality: tier=B dir=harmful evidence=8 cost=$0.0230
[seed] researching ultra_processed->inflammation ...
[seed] ultra_processed->inflammation: tier=B dir=harmful evidence=8 cost=$0.0238
[seed] researching omega3->inflammation ...
[seed] omega3->inflammation: tier=A dir=protective evidence=8 cost=$0.0239
[seed] researching fiber_soluble->gut_microbiome ...
[seed] fiber_soluble->gut_microbiome: tier=B dir=protective evidence=8 cost=$0.0244
[seed] researching resistance_training->sarcopenia ...
[seed] resistance_training->sarcopenia: tier=A dir=protective evidence=9 cost=$0.0248
[seed] researching resistance_training->osteoporosis ...
[seed] resistance_training->osteoporosis: tier=A dir=protective evidence=8 cost=$0.0224
[seed] researching vitamin_d->osteoporosis ...
[seed] vitamin_d->osteoporosis: tier=B dir=protective evidence=9 cost=$0.0256
[seed] researching walking_daily->all_cause_mortality ...
[seed] walking_daily->all_cause_mortality: tier=A dir=protective evidence=8 cost=$0.0233
[seed] researching aerobic_exercise->all_cause_mortality ...
[seed] aerobic_exercise->all_cause_mortality: tier=A dir=protective evidence=8 cost=$0.0226
[seed] researching resistance_training->all_cause_mortality ...
[seed] resistance_training->all_cause_mortality: tier=B dir=protective evidence=8 cost=$0.0225
[seed] researching sitting_prolonged->all_cause_mortality ...
[seed] sitting_prolonged->all_cause_mortality: tier=A dir=harmful evidence=8 cost=$0.0221
[seed] researching smoking->all_cause_mortality ...
[seed] smoking->all_cause_mortality: tier=A dir=harmful evidence=8 cost=$0.0225
[seed] researching alcohol->all_cause_mortality ...
[seed] alcohol->all_cause_mortality: tier=A dir=u_shaped evidence=9 cost=$0.0258
[seed] researching ultra_processed->all_cause_mortality ...
[seed] ultra_processed->all_cause_mortality: tier=B dir=harmful evidence=8 cost=$0.0235
[seed] researching pm25->all_cause_mortality ...
[seed] pm25->all_cause_mortality: tier=A dir=harmful evidence=9 cost=$0.0258
[seed] researching sleep_short->all_cause_mortality ...
[seed] sleep_short->all_cause_mortality: tier=A dir=harmful evidence=8 cost=$0.0217
[seed] researching vegetables_cruciferous->cvd ...
[seed] vegetables_cruciferous->cvd: tier=B dir=protective evidence=8 cost=$0.0228
[seed] researching berries->cvd ...
[seed] berries->cvd: tier=B dir=protective evidence=9 cost=$0.0239
[seed] researching coffee->cvd ...
[seed] coffee->cvd: tier=A dir=u_shaped evidence=8 cost=$0.0231
[seed] researching vitamin_d->cvd ...
[seed] vitamin_d->cvd: tier=A dir=neutral evidence=8 cost=$0.0244
[seed] researching magnesium->cvd ...
[seed] magnesium->cvd: tier=B dir=protective evidence=8 cost=$0.0240
[seed] researching resistance_training->cvd ...
[seed] resistance_training->cvd: tier=A dir=protective evidence=8 cost=$0.0229
[seed] researching chronic_stress->cvd ...
[seed] chronic_stress->cvd: tier=A dir=harmful evidence=8 cost=$0.0227
[seed] researching nuts->t2d ...
[seed] nuts->t2d: tier=B dir=protective evidence=8 cost=$0.0229
[seed] researching coffee->t2d ...
[seed] coffee->t2d: tier=A dir=protective evidence=8 cost=$0.0224
[seed] researching artificial_sweeteners->t2d ...
[seed] artificial_sweeteners->t2d: tier=X dir=mixed evidence=8 cost=$0.0231
[seed] researching intermittent_fasting->t2d ...
[seed] intermittent_fasting->t2d: tier=B dir=protective evidence=8 cost=$0.0242
[seed] researching magnesium->t2d ...
[seed] magnesium->t2d: tier=B dir=protective evidence=8 cost=$0.0239
[seed] researching vegetables_cruciferous->colorectal_cancer ...
[seed] vegetables_cruciferous->colorectal_cancer: tier=B dir=protective evidence=8 cost=$0.0239
[seed] researching aerobic_exercise->colorectal_cancer ...
[seed] aerobic_exercise->colorectal_cancer: tier=A dir=protective evidence=8 cost=$0.0230
[seed] researching vaping->lung_cancer ...
[seed] vaping->lung_cancer: tier=D dir=harmful evidence=8 cost=$0.0239
[seed] researching pm25->lung_cancer ...
[seed] pm25->lung_cancer: tier=A dir=harmful evidence=9 cost=$0.0278
[seed] researching berries->cognitive_decline ...
[seed] berries->cognitive_decline: tier=B dir=protective evidence=9 cost=$0.0228
[seed] researching resistance_training->depression ...
[seed] resistance_training->depression: tier=A dir=protective evidence=8 cost=$0.0231
[seed] researching ultra_processed->depression ...
[seed] ultra_processed->depression: tier=B dir=harmful evidence=8 cost=$0.0250
[seed] researching vitamin_b12->cognitive_decline ...
[seed] vitamin_b12->cognitive_decline: tier=X dir=mixed evidence=9 cost=$0.0243
[seed] researching daylight_morning->depression ...
[seed] daylight_morning->depression: tier=B dir=protective evidence=9 cost=$0.0249
[seed] researching olive_oil->inflammation ...
[seed] olive_oil->inflammation: tier=B dir=protective evidence=8 cost=$0.0236
[seed] researching probiotics->gut_microbiome ...
[seed] probiotics->gut_microbiome: tier=X dir=mixed evidence=8 cost=$0.0221
[seed] researching dairy_fermented->gut_microbiome ...
[seed] dairy_fermented->gut_microbiome: tier=B dir=protective evidence=8 cost=$0.0233
[seed] researching creatine->sarcopenia ...
[seed] creatine->sarcopenia: tier=B dir=protective evidence=8 cost=$0.0221
[seed] researching nuts->all_cause_mortality ...
[seed] nuts->all_cause_mortality: tier=A dir=protective evidence=8 cost=$0.0235
[seed] researching olive_oil->all_cause_mortality ...
[seed] olive_oil->all_cause_mortality: tier=B dir=protective evidence=8 cost=$0.0234
[seed] researching pm25->dementia ...
[seed] pm25->dementia: tier=B dir=harmful evidence=9 cost=$0.0250
[seed] researching noise_chronic->hypertension ...
[seed] noise_chronic->hypertension: tier=B dir=harmful evidence=9 cost=$0.0243
[seed] researching sleep_short->obesity ...
[seed] sleep_short->obesity: tier=A dir=harmful evidence=8 cost=$0.0213
[seed] researching sleep_short->depression ...
[seed] sleep_short->depression: tier=A dir=harmful evidence=8 cost=$0.0222
[seed] researching intermittent_fasting->insulin_resistance ...
[seed] intermittent_fasting->insulin_resistance: tier=B dir=protective evidence=8 cost=$0.0239
[seed] researching aerobic_exercise->insulin_resistance ...
[seed] aerobic_exercise->insulin_resistance: tier=A dir=protective evidence=9 cost=$0.0238
[seed] researching resistance_training->insulin_resistance ...
[seed] resistance_training->insulin_resistance: tier=A dir=protective evidence=8 cost=$0.0217
[seed] researching ultra_processed->insulin_resistance ...
[seed] ultra_processed->insulin_resistance: tier=B dir=harmful evidence=8 cost=$0.0237
[seed] researching fiber_soluble->insulin_resistance ...
[seed] fiber_soluble->insulin_resistance: tier=A dir=protective evidence=8 cost=$0.0233
[seed] researching sleep_short->insulin_resistance ...
[seed] sleep_short->insulin_resistance: tier=A dir=harmful evidence=9 cost=$0.0239
[seed] researching sauna->cvd ...
[seed] sauna->cvd: tier=B dir=protective evidence=9 cost=$0.0258
[seed] researching vitamin_d->t2d ...
[seed] vitamin_d->t2d: tier=X dir=mixed evidence=8 cost=$0.0263
[seed] researching dairy_milk->prostate_cancer ...
[seed] dairy_milk->prostate_cancer: tier=B dir=harmful evidence=9 cost=$0.0254
[seed] researching vitamin_d->depression ...
[seed] vitamin_d->depression: tier=X dir=mixed evidence=16 cost=$0.0333
[seed] researching coffee->parkinsons ...
[seed] coffee->parkinsons: tier=A dir=protective evidence=9 cost=$0.0237
[seed] researching curcumin->inflammation ...
[seed] curcumin->inflammation: tier=B dir=protective evidence=8 cost=$0.0238
[seed] researching artificial_sweeteners->gut_microbiome ...
[seed] artificial_sweeteners->gut_microbiome: tier=C dir=harmful evidence=8 cost=$0.0232
[seed] researching vitamin_k2->osteoporosis ...
[seed] vitamin_k2->osteoporosis: tier=B dir=protective evidence=8 cost=$0.0244
[seed] researching pfas->ckd ...
[seed] pfas->ckd: tier=B dir=harmful evidence=8 cost=$0.0233
[seed] researching sleep_long->all_cause_mortality ...
[seed] sleep_long->all_cause_mortality: tier=A dir=harmful evidence=8 cost=$0.0224
[seed] researching uv_sunlight->vitamin_d ...
[seed] uv_sunlight->vitamin_d: tier=A dir=protective evidence=8 cost=$0.0232
[seed] researching bpa->insulin_resistance ...
[seed] bpa->insulin_resistance: tier=B dir=harmful evidence=9 cost=$0.0238
[seed] researching microplastics->inflammation ...
[seed] microplastics->inflammation: tier=C dir=harmful evidence=9 cost=$0.0238
